{"10090": ["Q9CQV8", "P62259", "P68510", "P61982", "O70456", "P68254", "P63101"], "10116": ["P35213", "P62260", "P68511", "P61983", "P68255", "P63102"], "102107": ["Q9MB95"], "10254": ["Q80HU0"], "10498": ["Q65209", "Q65210", "P18560", "P18559", "P18558", "P18557", "P68744"], "10500": ["P0C9F1", "P0C9F5", "P0C9F9", "P0C9J5", "P0C9J9", "P0C9K1", "P0C9K3", "P0C9G3", "P0C9G7", "P0C9H2", "P0C9H5", "P0C9H9", "P0C9I3", "P0C9I7"], "1063": ["P16536"], "12298": ["P05080"], "1507": ["P21215"], "1752": ["Q8GBW6"]}
