Sampled 40 accessions
Uniprot Release Number: 2023_02
Sampled 74 peptides
