ITVVLR
AHMFITGPQVIK
VEQLAEQR
TLCALLSELPLEK
VLTWAK
GETSGTK
EDLVYQAK
VFYYK
AAFDDAIAELDTLSEESYK
EDLVYQAK
AASDIAMTELPPTHPIR
GGEDK
YLAEVAAGDDK
NLLSVAYK
DNLTLWTSDTQGDEAEAGEGGEN
VVSSIEQK
EMQPTHPIR
IETELR
VFYLK
VISSIEQK
YDDMATCMK
LQLIK
YLAEVACGDDR
QTIENSQGAYQEAFDISK
DNLTLWTADSAGEEGGEAPEEPQS
GAGDAESR
SAYQEAMDISK
NLLSVAYK
GDYYR
VFYLK
NSVVEASEAAYK
LGLALNFSVFYYEIQNAPEQACLLAK
VFYLK
IPYIHYMNCSLPTYFS
LSTTMK
ELEYWCTYGK
ASICTPEGVEEFK
EALEAAYEK
VVMSGGATGANELVMFCLADPGDAFLVPSPYYPAFFR
HCCFYLVFSIAFVGYIVFVYNK
VLLELLLGYSVLILAHELPYLPSTR
NLHLNTTMK
NHPPIGENDFIR
IGSIPPK
TSTPPEK
YDCWTTHLLNK
NHSPILENDYIANCSVYR
FCWDCQDGICR
ITIDVTPK
NIIDIEDDDDMDVESA
DVLLAQSVAVEEAK
MLVIFLGILGLLANQVLGLPIQAGGHLCSTDNPPQEELGYWCTYMESCK
VNESMPLIIENSYLTSCEVSR
WYNQCTYGEGNGHYHVMDCSNPVPHNRPHQLR
WYNQCTYSEGNGHYHVMDCSNPVPHNRPHR
VNESMPLIIENSYLTSCEVSR
MLVIFLGILGLLANQVLGLPTQAGGHLR
MLVIFLGILGLLANQVSSQLVGQLHPTENPSENELEYWCTYMECCQFCWDCQNGLCVNK
LGNTTILENEYVHPCIVSR
CMYDLDK
ACLVSR
MLVIFLGILGLLASQVSSQLVGQLRPTEDPPEEELEYWCAYMESCQFCWDCQDGTCINK
LAEQAER
DNLTLWTSENQGDEGDAGEGEN
QQMGK
NLLSVAYK
MTMDK
EMQPTHPIR
DNLTLWTSDQQDDDGGEGNN
YLAEVATGEK
TAFDDAIAELDTLNEDSYK
ATVVESSEK
YLAEVATGEK
VFYLK
