LLSFLPQNNTEEASFVNPNNDVSPNTELR
GQVDDVIDPADTR
IASALEMYATK
MLYAYSEATVPK
IQEGIDSLSGYGK
SVGIVANQPSVMSGCLDINASDK
QVIEAGGGER
GTILGRPVHAASQDFTVMGGSAGETQSTK
MFFANVK
IEEYQNAFNTPYVAAAR
GQVDDVIDPADTRR
TTQLESLLALQK
NMVHGFAAAER
LCDMFDIK
ADPIVNR
THNATANSMTVR
GETSGTK
LSDQQLTISNVKSYLSSNNWVLFINGAAVK
EDLVYQAK
DSTLIMQLLR
VAGMDVELTVEER
LICCDILDVLDK
AASDIAMTELPPTHPIR
DNLTLWTSDMQGDGEEQNK
AAFDDAIAELDTLSEESYK
YLAEFATGNDR
EDLVYQAK
AASDIAMTELPPTHPIR
YDEMVESMK
VAGMDVELTVEER
LGLALNFSVFYYEILNSPDR
EALQDVEDENQ
YLAEFATGNDR
LAEQAER
NLLSVAYK
EAAENSLVAYK
DNLTLWTSDMQGDGEEQNK
NVIGARR
DSTLIMQLLRDNLTLWTSDMQGDGEEQNK
YDDMAACMK
DICNDVLSLLEK
YLAEVAAGDDK
DNLTLWTSDTQGDEAEAGEGGEN
LAEQAER
VVSSIEQK
DSTLIMQLLR
TAFDEAIAELDTLSEESYK
LGLALNFSVFYYEILNSPEK
GIVDQSQQAYQEAFEISK
FLIPNASQPESK
EMQPTHPIR
NLLSVAYK
FLIPNASQPESK
DNLTLWTSDTQGDEAEAGEGGEN
YDDMAACMK
DSTLIMQLLR
YLAEVAAGDDK
LGLALNFSVFYYEILNSPEK
DICNDVLSLLEK
YLAEVACGDDR
LAEQAER
EMQPTHPIR
YDDMATCMKAVTEQGAELSNEER
YLAEVACGDDR
YLIANATNPESK
LAEQAER
SICTTVLELLDK
AVTEQGAELSNEER
YDDMATCMK
NLLSVAYK
LGLALNFSVFYYEILNNPELACTLAK
TAFDEAIAELDTLNEDSYK
QTIENSQGAYQEAFDISK
LAEQAER
SNEEGSEEK
GAGDAESR
SAYQEAMDISK
EMPPTNPIR
NVVGGQR
GEELSCEER
YLAEVATGDDK
DNLTLWTADSAGEEGGEAPEEPQS
MKGDYYR
SAVEKGEELSCEER
AKLAEQAER
LGLALNFSVFYYEIQNAPEQACLLAK
DNLTLWTSDQQDEEAGEGN
NCNDFQYESK
YDDMASAMK
AVTELNEPLSNEDR
EAFEISK
YLAEVASGEK
QAFDDAIAELDTLNEDSYK
DSTLIMQLLR
EHMQPTHPIR
LAEQAER
GDYYRYLAEVASGEK
YDDMASAMK
AVTELNEPLSNEDR
VISSIEQK
ELETVCNDVLALLDK
LGLALNFSVFYYEIQNAPEQACLLAK
DSTLIMQLLR
TMADGNEK
DNLTLWTSDQQDEEAGEGN
NCNDFQYESK
YLAEVASGEK
LAEQAER
QAFDDAIAELDTLNEDSYK
EHMQPTHPIR
NSVVEASEAAYK
DSTLIMQLLRDNLTLWTSDQQDEEAGEGN
ELEYWCTYGK
MGGGGDHQQLSIK
IPYIHYMNCSLPTYFS
VLDDMPLIVQNDYISK
TYTPPMR
QYCLYFIIGIAYTDCFICALCK
NGICKNKVLDDMPLIVQNDYISK
AVAMFMSK
NVAIFQDYHGFPEFR
TGVQIVPVDCDSSNNFK
VCFANMDDETLEVALK
DMGLPGLR
GLEEVGINCLK
EALEAAYEK
GGRVTFDPNR
NPKASICTPEGVEEFK
HCCFYLVFSIAFVGYIVFVYNK
NCDFCWDCQNDICK
DHPIITQNDYIVNCTVSR
HCDFCWTCK
ITNESISINSIVNCR
DLEWFIELK
MPNHHSMECSHPRPYTGNEIFMEK
WGGGGDYWPIIIR
ELEYWCTYAK
ELEHWCTHGK
NHPPIGENDFIR
HFNTHIMECSQPTHFK
TECPQHINHER
TSTPPEK
SLQTVMYLLVFLVISFLLSQLMLYGELEDK
YDCWTTHLPNK
WYDNLMK
ELGYWCTYANHCR
FCWDCQDGICR
LLTYGFYLAGCILAVNYIRK
TECPQYMSHEWHEAVIR
IGSIPPER
MLGLQIFTLLSIPTLLYTYELEPLER
YCNFCWDCQNGICK
HFDTHIMECSQPTHFK
HFDTHIMECSQPTHFKWYDNLMK
TECPQYMSHEWHEAVIRK
CNYEKIYK
NIIDIEDDDDMDVESA
ITIDVTPK
IGNVVTISYNLEK
MLLEMDK
DVLLAQSVAVEEAK
ITVDSKIGNVVTISYNLEK
VNESMPLIIENSYLTSCEVSR
FCWECAHGICK
WYNQCTYSEGNGHYHVMDCSNPVPHNRPHR
STDNPPQEELGYWCTYMESCK
VNESMPLIIENSYLTSCEVSR
MLVIFLGILGLLANQVLGLPTQAGGHLR
FCWECAHGICK
FCWECAHGICKNK
IYEKEDL
NKVNESMPLIIENSYLTSCEVSR
LGNTTILENEYVHPCIVSR
LGNTTILENEYVHPCIVSRWLNK
IDGSAIYK
CMYDLDK
GIYHTMNCSQPWSWNPYK
AVTEQGHELSNEER
TAFDEAIAELDTLNEESYK
QTTVSNSQQAYQEAFEISK
YLSEVASGENK
LGLALNFSVFYYEILNSPEK
YLILNATQAESK
YDDMAAAMK
VISSIEQK
EMQPTHPIR
YLILNATQAESKVFYLK
NVVGARR
TAFDEAIAELDTLNEESYK
DNLTLWTSENQGDEGDAGEGEN
IEAELQDICSDVLELLDK
AVTEQGHELSNEER
DSTLIMQLLR
YLILNATHAESK
LAEQAER
LGLALNFSVFYYEILNSPEK
VISSIEQK
EMQPTHPIR
NLLSVAYK
YLSEVASGDNK
QTTVSNSQQAYQEAFEISK
YDDMAAAMKAVTEQGHELSNEER
VISSIEQK
NLLSVAYK
LAEQAER
NLLSVAYKNVVGAR
DSTLIMQLLR
DNLTLWTSDQQDDDGGEGNN
YLAEVATGEK
NLLSVAYK
TSADGNEK
VISSIEQK
ATVVESSEK
NVTELNEPLSNEER
YDDMAAAMK
AYSEAHEISK
LAEQAER
LGLALNYSVFYYEIQNAPEQACHLAK
ELEAVCQDVLSLLDNYLIKNCSETQYESK
IEMVRAYR
