161879
60133
419005
1105029
28125
246787
1318
712118
823
51160
1203577
1379
46506
28111
158
860
29466
2718
1304
40542
76122
387661
113107
706438
329854
61592
43769
729
726
109790
712117
43768
147802
641148
712438
544580
490
55565
487173
1655
38284
45851
936370
1338
626932
43675
470565
817
1596
652708
28135
712359
291644
2047
674529
39486
936548
204
39778
68892
1680
732
820
166486
818
1203634
28133
301301
28136
1095726
28117
1305
135083
712124
908612
28118
851
157687
712437
495
338188
33038
189723
484
562
1656
505
46503
47770
502
137732
1282
39777
40518
172042
228604
544581
28132
1169673
328814
