75332
648330
97170
183220
446562
515833
10804
78261
78263
392897
