78264
46125
446561
97170
183220
97168
180068
392897
102642
45372
