29073
45194
35241
591001
1094489
221844
3565
694009
388911
862962
