IQEGIDSLSGYGK
LASTMEGR
SVTGEDVTADELGGAEAHMAISGNIHFVAEDDDAAELIAK
TVDSFLMHCVDGSLTGDVLHFDEALMAHAGMVYFCAQIAGAK
STMIVNSANPCVDVVLSTGR
SFTALCTLFR
HLIPAANTGESK
LAEQAER
LICCDILDVLDK
YLAEFATGNDR
GDYHR
NLLSVAYK
IETELR
GIVDQSQQAYQEAFEISK
YDDMAACMK
TAFDEAIAELDTLSEESYK
DNLTLWTSDTQGDEAEAGEGGEN
DICNDVLSLLEK
NLLSVAYK
VISSIEQK
VFYLK
NLLSVAYK
NVVGGR
DNLTLWTSDSAGEECDAAEGAEN
LAEQAER
TTFDEAMADLHTLSEDSYK
VETELR
DNLTLWTSDQQDEEAGEGN
EAFEISK
QAFDDAIAELDTLNEDSYK
ELETVCNDVLALLDK
DSTLIMQLLR
EHMQPTHPIR
LSTTMK
LFVLLSILVWLAQPVLNRPLSIFYTK
MGGGGDHQQLSIK
VIVNEVGPNVSPGSSFK
FDQESVNVLSPHMMSPHSPLVR
TGVQIVPVDCDSSNNFK
WGGGGDYWPIIIR
NLHLNTTMK
CMYEAHFR
ELEHWCTHGK
YDCWTTHLPNK
MLGLQIFTLLSIPTLLYTYEIEPLER
ELEHWCTHGK
TSTLPEK
SLQTIMYLMVLLVIFFLLSQLMLYR
ITIDVTPK
MLLEMDK
DVLLAQSVAVEEAK
WYNQCTYGEGNGHYHVMDCSNPVPHNRPHQLR
MLVIFLGILGLLANQVLGLPIQAGGHLCSTDNPPQEELGYWCTYMESCK
VNESMPLIIENSYLTSCEVSR
MLVIFLGILGLLANQVLGLPTQAGGHLR
VNESMPLIIENSYLTSCEVSR
WYNQCTYSEGNGHYHVMDCSNPVPHNRPHR
MLVIFLGILGLLANQVSSQLVGQLHPTENPSENELEYWCTYMECCQFCWDCQNGLCVNK
LGNTTILENEYVHPCIVSR
IDGSAIYK
MLVIFLGILGLLASQVSSQLVGQLRPTEDPPEEELEYWCAYMESCQFCWDCQDGTCINK
CMYDLDK
IEAELQDICNDVLELLDK
GDYFR
LGLALNFSVFYYEILNSPEK
NLLSVAYK
YLILNATHAESK
LGLALNFSVFYYEILNSPEK
NLLSVAYK
TAFDDAIAELDTLNEDSYK
NVVGAR
DSTLIMQLLR
EHMQPTHPIR
TAFDDAIAELDTLNEDSYK
